// Jest Snapshot v1, https://goo.gl/fbAQLP

exports[`Output Component should render correctly with allPurchases and helpMessage props 1`] = `ShallowWrapper {}`;

exports[`Output Component should render correctly with allPurchases, helpMessage and error props props 1`] = `ShallowWrapper {}`;

exports[`Output Component should render correctly with allPurchases, helpMessage totalIncome props 1`] = `ShallowWrapper {}`;

exports[`Output Component should render correctly with allPurchases, helpMessage, error, totalIncome props 1`] = `ShallowWrapper {}`;
